%Warning-WIDTHEXPAND: /Users/avishas/developer/rivoryxa-examples/fifo-assertion-verification/recorded/2026-09-15-matrix/run-da36f9156cf7/full_pointer/d4-w5/async_fifo.sv:64:35: Operator AND expects 3 bits on the LHS, but LHS's VARREF 'rinc' generates 1 bits.
                                                                                                                                                                               : ... note: In instance 'tb.dut'
   64 |   assign rbinnext  = rbin + (rinc & ~rempty);
      |                                   ^
                      ... For warning description see https://verilator.org/warn/WIDTHEXPAND?v=5.050
                      ... Use "/* verilator lint_off WIDTHEXPAND */" and lint_on around source to disable this message.
%Warning-WIDTHEXPAND: /Users/avishas/developer/rivoryxa-examples/fifo-assertion-verification/recorded/2026-09-15-matrix/run-da36f9156cf7/full_pointer/d4-w5/async_fifo.sv:64:37: Operator NOT expects 3 bits on the LHS, but LHS's VARREF 'rempty' generates 1 bits.
                                                                                                                                                                               : ... note: In instance 'tb.dut'
   64 |   assign rbinnext  = rbin + (rinc & ~rempty);
      |                                     ^
%Warning-ZERODLY: /Users/avishas/developer/rivoryxa-examples/fifo-assertion-verification/tb/tb.sv:25:4: Value of # delay control statically unknown. Assuming it can be #0.
                                                                                                      : ... If all # delays are non-zero at runtime,
                                                                                                      : ... use '--no-sched-zero-delay' for improved performance.
                                                                                                      : ... If a real #0 is expected at runtime,
                                                                                                      : ... use '--sched-zero-delay' to suppress this warning.
   25 |    #(wphase); forever #(whalf) wclk=~wclk;
      |    ^
                  ... For warning description see https://verilator.org/warn/ZERODLY?v=5.050
                  ... Use "/* verilator lint_off ZERODLY */" and lint_on around source to disable this message.
%Warning-ZERODLY: /Users/avishas/developer/rivoryxa-examples/fifo-assertion-verification/tb/tb.sv:25:23: Value of # delay control statically unknown. Assuming it can be #0.
                                                                                                       : ... If all # delays are non-zero at runtime,
                                                                                                       : ... use '--no-sched-zero-delay' for improved performance.
                                                                                                       : ... If a real #0 is expected at runtime,
                                                                                                       : ... use '--sched-zero-delay' to suppress this warning.
   25 |    #(wphase); forever #(whalf) wclk=~wclk;
      |                       ^
%Warning-ZERODLY: /Users/avishas/developer/rivoryxa-examples/fifo-assertion-verification/tb/tb.sv:29:4: Value of # delay control statically unknown. Assuming it can be #0.
                                                                                                      : ... If all # delays are non-zero at runtime,
                                                                                                      : ... use '--no-sched-zero-delay' for improved performance.
                                                                                                      : ... If a real #0 is expected at runtime,
                                                                                                      : ... use '--sched-zero-delay' to suppress this warning.
   29 |    #(rphase); forever #(rhalf) rclk=~rclk;
      |    ^
%Warning-ZERODLY: /Users/avishas/developer/rivoryxa-examples/fifo-assertion-verification/tb/tb.sv:29:23: Value of # delay control statically unknown. Assuming it can be #0.
                                                                                                       : ... If all # delays are non-zero at runtime,
                                                                                                       : ... use '--no-sched-zero-delay' for improved performance.
                                                                                                       : ... If a real #0 is expected at runtime,
                                                                                                       : ... use '--sched-zero-delay' to suppress this warning.
   29 |    #(rphase); forever #(rhalf) rclk=~rclk;
      |                       ^
c++ -Os  -I.  -MMD -I/opt/homebrew/Cellar/verilator/5.050/share/verilator/include -I/opt/homebrew/Cellar/verilator/5.050/share/verilator/include/vltstd -DVERILATOR=1 -DVM_COVERAGE=0 -DVM_SC=0 -DVM_TIMING=1 -DVM_TRACE=0 -DVM_TRACE_FST=0 -DVM_TRACE_VCD=0 -DVM_TRACE_SAIF=0 -DVM_VPI=0 -faligned-new -fbracket-depth=4096 -fcf-protection=none -Xclang -fno-pch-timestamp -Qunused-arguments -Wno-bool-operation -Wno-c++11-narrowing -Wno-constant-logical-operand -Wno-int-in-bool-context -Wno-non-pod-varargs -Wno-parentheses-equality -Wno-shadow -Wno-sign-compare -Wno-tautological-bitwise-compare -Wno-tautological-compare -Wno-uninitialized -Wno-unnecessary-virtual-specifier -Wno-unused-but-set-parameter -Wno-unused-but-set-variable -Wno-unused-parameter -Wno-unused-variable -Wno-vla-cxx-extension    -DVL_TIME_CONTEXT   -std=gnu++20 -c -o verilated.o /opt/homebrew/Cellar/verilator/5.050/share/verilator/include/verilated.cpp
c++ -Os  -I.  -MMD -I/opt/homebrew/Cellar/verilator/5.050/share/verilator/include -I/opt/homebrew/Cellar/verilator/5.050/share/verilator/include/vltstd -DVERILATOR=1 -DVM_COVERAGE=0 -DVM_SC=0 -DVM_TIMING=1 -DVM_TRACE=0 -DVM_TRACE_FST=0 -DVM_TRACE_VCD=0 -DVM_TRACE_SAIF=0 -DVM_VPI=0 -faligned-new -fbracket-depth=4096 -fcf-protection=none -Xclang -fno-pch-timestamp -Qunused-arguments -Wno-bool-operation -Wno-c++11-narrowing -Wno-constant-logical-operand -Wno-int-in-bool-context -Wno-non-pod-varargs -Wno-parentheses-equality -Wno-shadow -Wno-sign-compare -Wno-tautological-bitwise-compare -Wno-tautological-compare -Wno-uninitialized -Wno-unnecessary-virtual-specifier -Wno-unused-but-set-parameter -Wno-unused-but-set-variable -Wno-unused-parameter -Wno-unused-variable -Wno-vla-cxx-extension    -DVL_TIME_CONTEXT   -std=gnu++20 -c -o verilated_timing.o /opt/homebrew/Cellar/verilator/5.050/share/verilator/include/verilated_timing.cpp
c++ -Os  -I.  -MMD -I/opt/homebrew/Cellar/verilator/5.050/share/verilator/include -I/opt/homebrew/Cellar/verilator/5.050/share/verilator/include/vltstd -DVERILATOR=1 -DVM_COVERAGE=0 -DVM_SC=0 -DVM_TIMING=1 -DVM_TRACE=0 -DVM_TRACE_FST=0 -DVM_TRACE_VCD=0 -DVM_TRACE_SAIF=0 -DVM_VPI=0 -faligned-new -fbracket-depth=4096 -fcf-protection=none -Xclang -fno-pch-timestamp -Qunused-arguments -Wno-bool-operation -Wno-c++11-narrowing -Wno-constant-logical-operand -Wno-int-in-bool-context -Wno-non-pod-varargs -Wno-parentheses-equality -Wno-shadow -Wno-sign-compare -Wno-tautological-bitwise-compare -Wno-tautological-compare -Wno-uninitialized -Wno-unnecessary-virtual-specifier -Wno-unused-but-set-parameter -Wno-unused-but-set-variable -Wno-unused-parameter -Wno-unused-variable -Wno-vla-cxx-extension    -DVL_TIME_CONTEXT   -std=gnu++20 -c -o verilated_threads.o /opt/homebrew/Cellar/verilator/5.050/share/verilator/include/verilated_threads.cpp
python3 /opt/homebrew/Cellar/verilator/5.050/share/verilator/bin/verilator_includer -DVL_INCLUDE_OPT=include Vtb.cpp Vtb___024root__0.cpp Vtb__main.cpp Vtb___024root__Slow.cpp Vtb___024root__0__Slow.cpp Vtb___024unit__Slow.cpp Vtb__Syms__Slow.cpp > Vtb__ALL.cpp
c++ -Os  -I.  -MMD -I/opt/homebrew/Cellar/verilator/5.050/share/verilator/include -I/opt/homebrew/Cellar/verilator/5.050/share/verilator/include/vltstd -DVERILATOR=1 -DVM_COVERAGE=0 -DVM_SC=0 -DVM_TIMING=1 -DVM_TRACE=0 -DVM_TRACE_FST=0 -DVM_TRACE_VCD=0 -DVM_TRACE_SAIF=0 -DVM_VPI=0 -faligned-new -fbracket-depth=4096 -fcf-protection=none -Xclang -fno-pch-timestamp -Qunused-arguments -Wno-bool-operation -Wno-c++11-narrowing -Wno-constant-logical-operand -Wno-int-in-bool-context -Wno-non-pod-varargs -Wno-parentheses-equality -Wno-shadow -Wno-sign-compare -Wno-tautological-bitwise-compare -Wno-tautological-compare -Wno-uninitialized -Wno-unnecessary-virtual-specifier -Wno-unused-but-set-parameter -Wno-unused-but-set-variable -Wno-unused-parameter -Wno-unused-variable -Wno-vla-cxx-extension    -DVL_TIME_CONTEXT   -std=gnu++20 -c -o Vtb__ALL.o Vtb__ALL.cpp
c++  -Wl,-U,__Z15vl_time_stamp64v,-U,__Z13sc_time_stampv,-U,_vlog_startup_routines   verilated.o verilated_timing.o verilated_threads.o Vtb__ALL.a    -pthread -lpthread   -o Vtb
rm Vtb__ALL.verilator_deplist.tmp
- V e r i l a t i o n   R e p o r t: Verilator 5.050 2026-07-01 rev vUNKNOWN-built20260701
- Verilator: Built from 0.089 MB sources in 5 modules, into 0.127 MB in 7 C++ files needing 0.001 MB
- Verilator: Walltime 3.321 s (elab=0.002, cvt=0.008, bld=3.306); cpu 0.015 s on 1 threads; allocated 12.188 MB
